IMPORTANT NOTE:
### install the same version of the kibana as elasticsearch or elase there will be issues
------------------------------------------------------------------------------------
Continuing form 02 self signed certificate
------------------------------------------------------------------------------------
from previous file 02 is how you bind your public certificate as well
# Enable encryption for HTTP API client connections, such as Kibana, Logstash, and Agents
xpack.security.http.ssl:
  enabled: true
  key: /etc/elasticsearch/certs/elastic/elastic.key
  certificate: /etc/elasticsearch/certs/elastic/elastic.crt
  certificate_authorities: ["/etc/elasticsearch/certs/ca/ca.crt"]    # when working in organization, you dont have to mention the certificate authority, because you are generating your certificated key from the public issuer.
## but since we have generated self signed certificates that is why we are using elasticsearch ca.crt for verifying the certificates and key

# these certificates were issued by us and that is why we are using ## /etc/elasticsearch/certs/ca/ca.crt as the certificate authority for self signed certificate. Only ## /etc/elasticsearch/certs/ca/ca.crt this authority can verify. 
  key: /etc/elasticsearch/certs/elastic/elastic.key
  certificate: /etc/elasticsearch/certs/elastic/elastic.crt

## /etc/elasticsearch/certs/ca/ca.crt # ca verifier 

### when you are generate public certificate, key and certificate you have to configure. You will get this information from someone from devops team or whoever is managing certificates.

# make sure the configuration and elasticsearch.yml files are configured properly.
# keys you can copy paste from elasticsearch documention.


########## Start the service for elastic search ##########
### first you have to check if the files have sufficient permissions. Otherwise, the elasticsearch will not be able to read the files. It should have ownership of elasticsearch and it should have read write permissions.

root@kibana:/etc/elasticsearch# ll /etc/elasticsearch/certs/
total 48
drwxrwxr-x 4 elasticsearch elasticsearch  4096 Mar 25 23:41 ./
drwxrwsr-x 4 elasticsearch elasticsearch  4096 Mar 29 03:01 ../
drwxrwxr-x 2 elasticsearch elasticsearch  4096 Mar 25 23:15 ca/
-rwxrwxr-x 1 elasticsearch elasticsearch  2522 Mar 25 23:15 ca_elastic.zip*
-rwxrwxr-x 1 elasticsearch elasticsearch  2579 Mar 25 23:41 certificate.zip*
drwxrwxr-x 2 elasticsearch elasticsearch  4096 Mar 25 23:41 elastic/
-rwxrwxr-x 1 elasticsearch elasticsearch  1915 Mar 24 23:09 http_ca.crt*
-rwxrwxr-x 1 elasticsearch elasticsearch 10029 Mar 24 23:09 http.p12*
-rwxrwxr-x 1 elasticsearch elasticsearch  5822 Mar 24 23:09 transport.p12*
root@kibana:/etc/elasticsearch#


root@kibana:/etc/elasticsearch# systemctl status elasticsearch
● elasticsearch.service - Elasticsearch
     Loaded: loaded (/usr/lib/systemd/system/elasticsearch.service; disabled; preset: enabled)
     Active: active (running) since Tue 2025-03-25 22:30:17 EDT; 3 days ago
       Docs: https://www.elastic.co
   Main PID: 22604 (java)
      Tasks: 102 (limit: 10063)
     Memory: 4.7G (peak: 4.7G)
        CPU: 7min 12.275s
     CGroup: /system.slice/elasticsearch.service
             ├─22604 /usr/share/elasticsearch/jdk/bin/java -Xms4m -Xmx64m -XX:+UseSerialGC -Dcli.name=server -Dcli.script=/usr/share/>
             ├─22664 /usr/share/elasticsearch/jdk/bin/java -Des.networkaddress.cache.ttl=60 -Des.networkaddress.cache.negative.ttl=10>
             └─22686 /usr/share/elasticsearch/modules/x-pack-ml/platform/linux-x86_64/bin/controller

Mar 25 22:29:06 kibana systemd[1]: Starting elasticsearch.service - Elasticsearch...
Mar 25 22:29:29 kibana systemd-entrypoint[22604]: Mar 25, 2025 10:29:29 PM sun.util.locale.provider.LocaleProviderAdapter <clinit>
Mar 25 22:29:29 kibana systemd-entrypoint[22604]: WARNING: COMPAT locale provider will be removed in a future release
Mar 25 22:30:17 kibana systemd[1]: Started elasticsearch.service - Elasticsearch.
lines 1-17/17 (END)

root@kibana:/etc/elasticsearch# systemctl restart elasticsearch

### no errors:
# most errors that you might encounter are the java errors which you need to understand. 
# there might be some warning but the cluster will be running, since we didnt encounter any errors in the logs below, atleast the errors we are concerned with reading the certificate:
root@kibana:/etc/elasticsearch# tail -n 100 /var/log/elasticsearch/elk_elk.log
tail: cannot open '/var/log/elasticsearch/elk_elk.log' for reading: No such file or directory
root@kibana:/etc/elasticsearch# tail -n 100 /var/log/elasticsearch/elk_elk.log
tail: cannot open '/var/log/elasticsearch/elk_elk.log' for reading: No such file or directory
root@kibana:/etc/elasticsearch# tail -n 100 /var/log/elasticsearch/my_elk.log
[2025-03-29T03:44:11,386][INFO ][o.e.p.PluginsService     ] [node-1] loaded module [rank-rrf]
[2025-03-29T03:44:11,387][INFO ][o.e.p.PluginsService     ] [node-1] loaded module [analysis-common]
[2025-03-29T03:44:11,387][INFO ][o.e.p.PluginsService     ] [node-1] loaded module [health-shards-availability]
[2025-03-29T03:44:11,388][INFO ][o.e.p.PluginsService     ] [node-1] loaded module [transport-netty4]
[2025-03-29T03:44:11,389][INFO ][o.e.p.PluginsService     ] [node-1] loaded module [aggregations]
[2025-03-29T03:44:11,390][INFO ][o.e.p.PluginsService     ] [node-1] loaded module [ingest-common]
[2025-03-29T03:44:11,390][INFO ][o.e.p.PluginsService     ] [node-1] loaded module [frozen-indices]
[2025-03-29T03:44:11,391][INFO ][o.e.p.PluginsService     ] [node-1] loaded module [x-pack-identity-provider]
[2025-03-29T03:44:11,391][INFO ][o.e.p.PluginsService     ] [node-1] loaded module [x-pack-shutdown]
[2025-03-29T03:44:11,392][INFO ][o.e.p.PluginsService     ] [node-1] loaded module [x-pack-text-structure]
[2025-03-29T03:44:11,392][INFO ][o.e.p.PluginsService     ] [node-1] loaded module [snapshot-repo-test-kit]
[2025-03-29T03:44:11,393][INFO ][o.e.p.PluginsService     ] [node-1] loaded module [ml-package-loader]
[2025-03-29T03:44:11,393][INFO ][o.e.p.PluginsService     ] [node-1] loaded module [kibana]
[2025-03-29T03:44:11,394][INFO ][o.e.p.PluginsService     ] [node-1] loaded module [constant-keyword]
[2025-03-29T03:44:11,395][INFO ][o.e.p.PluginsService     ] [node-1] loaded module [x-pack-logstash]
[2025-03-29T03:44:11,396][INFO ][o.e.p.PluginsService     ] [node-1] loaded module [x-pack-ccr]
[2025-03-29T03:44:11,396][INFO ][o.e.p.PluginsService     ] [node-1] loaded module [x-pack-graph]
[2025-03-29T03:44:11,397][INFO ][o.e.p.PluginsService     ] [node-1] loaded module [x-pack-esql]
[2025-03-29T03:44:11,397][INFO ][o.e.p.PluginsService     ] [node-1] loaded module [parent-join]
[2025-03-29T03:44:11,397][INFO ][o.e.p.PluginsService     ] [node-1] loaded module [counted-keyword]
[2025-03-29T03:44:11,398][INFO ][o.e.p.PluginsService     ] [node-1] loaded module [x-pack-enrich]
[2025-03-29T03:44:11,399][INFO ][o.e.p.PluginsService     ] [node-1] loaded module [repositories-metering-api]
[2025-03-29T03:44:11,399][INFO ][o.e.p.PluginsService     ] [node-1] loaded module [transform]
[2025-03-29T03:44:11,399][INFO ][o.e.p.PluginsService     ] [node-1] loaded module [repository-azure]
[2025-03-29T03:44:11,400][INFO ][o.e.p.PluginsService     ] [node-1] loaded module [repository-gcs]
[2025-03-29T03:44:11,401][INFO ][o.e.p.PluginsService     ] [node-1] loaded module [spatial]
[2025-03-29T03:44:11,401][INFO ][o.e.p.PluginsService     ] [node-1] loaded module [apm]
[2025-03-29T03:44:11,402][INFO ][o.e.p.PluginsService     ] [node-1] loaded module [mapper-extras]
[2025-03-29T03:44:11,403][INFO ][o.e.p.PluginsService     ] [node-1] loaded module [mapper-version]
[2025-03-29T03:44:11,403][INFO ][o.e.p.PluginsService     ] [node-1] loaded module [x-pack-rollup]
[2025-03-29T03:44:11,404][INFO ][o.e.p.PluginsService     ] [node-1] loaded module [percolator]
[2025-03-29T03:44:11,404][INFO ][o.e.p.PluginsService     ] [node-1] loaded module [data-streams]
[2025-03-29T03:44:11,405][INFO ][o.e.p.PluginsService     ] [node-1] loaded module [x-pack-stack]
[2025-03-29T03:44:11,406][INFO ][o.e.p.PluginsService     ] [node-1] loaded module [rank-eval]
[2025-03-29T03:44:11,406][INFO ][o.e.p.PluginsService     ] [node-1] loaded module [reindex]
[2025-03-29T03:44:11,407][INFO ][o.e.p.PluginsService     ] [node-1] loaded module [systemd]
[2025-03-29T03:44:11,408][INFO ][o.e.p.PluginsService     ] [node-1] loaded module [x-pack-security]
[2025-03-29T03:44:11,408][INFO ][o.e.p.PluginsService     ] [node-1] loaded module [blob-cache]
[2025-03-29T03:44:11,409][INFO ][o.e.p.PluginsService     ] [node-1] loaded module [searchable-snapshots]
[2025-03-29T03:44:11,410][INFO ][o.e.p.PluginsService     ] [node-1] loaded module [x-pack-slm]
[2025-03-29T03:44:11,410][INFO ][o.e.p.PluginsService     ] [node-1] loaded module [snapshot-based-recoveries]
[2025-03-29T03:44:11,411][INFO ][o.e.p.PluginsService     ] [node-1] loaded module [x-pack-watcher]
[2025-03-29T03:44:11,413][INFO ][o.e.p.PluginsService     ] [node-1] loaded module [old-lucene-versions]
[2025-03-29T03:44:11,413][INFO ][o.e.p.PluginsService     ] [node-1] loaded module [x-pack-ilm]
[2025-03-29T03:44:11,414][INFO ][o.e.p.PluginsService     ] [node-1] loaded module [x-pack-inference]
[2025-03-29T03:44:11,414][INFO ][o.e.p.PluginsService     ] [node-1] loaded module [x-pack-voting-only-node]
[2025-03-29T03:44:11,415][INFO ][o.e.p.PluginsService     ] [node-1] loaded module [x-pack-deprecation]
[2025-03-29T03:44:11,415][INFO ][o.e.p.PluginsService     ] [node-1] loaded module [x-pack-fleet]
[2025-03-29T03:44:11,416][INFO ][o.e.p.PluginsService     ] [node-1] loaded module [x-pack-profiling]
[2025-03-29T03:44:11,416][INFO ][o.e.p.PluginsService     ] [node-1] loaded module [x-pack-aggregate-metric]
[2025-03-29T03:44:11,417][INFO ][o.e.p.PluginsService     ] [node-1] loaded module [x-pack-downsample]
[2025-03-29T03:44:11,418][INFO ][o.e.p.PluginsService     ] [node-1] loaded module [ingest-geoip]
[2025-03-29T03:44:11,418][INFO ][o.e.p.PluginsService     ] [node-1] loaded module [x-pack-write-load-forecaster]
[2025-03-29T03:44:11,419][INFO ][o.e.p.PluginsService     ] [node-1] loaded module [search-business-rules]
[2025-03-29T03:44:11,419][INFO ][o.e.p.PluginsService     ] [node-1] loaded module [ingest-attachment]
[2025-03-29T03:44:11,420][INFO ][o.e.p.PluginsService     ] [node-1] loaded module [wildcard]
[2025-03-29T03:44:11,421][INFO ][o.e.p.PluginsService     ] [node-1] loaded module [x-pack-apm-data]
[2025-03-29T03:44:11,421][INFO ][o.e.p.PluginsService     ] [node-1] loaded module [x-pack-sql]
[2025-03-29T03:44:11,422][INFO ][o.e.p.PluginsService     ] [node-1] loaded module [unsigned-long]
[2025-03-29T03:44:11,422][INFO ][o.e.p.PluginsService     ] [node-1] loaded module [runtime-fields-common]
[2025-03-29T03:44:11,423][INFO ][o.e.p.PluginsService     ] [node-1] loaded module [x-pack-async]
[2025-03-29T03:44:11,423][INFO ][o.e.p.PluginsService     ] [node-1] loaded module [vector-tile]
[2025-03-29T03:44:11,423][INFO ][o.e.p.PluginsService     ] [node-1] loaded module [lang-expression]
[2025-03-29T03:44:11,424][INFO ][o.e.p.PluginsService     ] [node-1] loaded module [x-pack-eql]
[2025-03-29T03:44:13,887][INFO ][o.e.e.NodeEnvironment    ] [node-1] using [1] data paths, mounts [[/ (/dev/sda2)]], net usable_space [80.4gb], net total_space [97.8gb], types [ext4]
[2025-03-29T03:44:13,888][INFO ][o.e.e.NodeEnvironment    ] [node-1] heap size [4.1gb], compressed ordinary object pointers [true]
[2025-03-29T03:44:14,092][INFO ][o.e.n.Node               ] [node-1] node name [node-1], node ID [bK_7ai1PRTaTRUOykMFwsA], cluster name [my_elk], roles [ingest, data_cold, data, remote_cluster_client, master, data_warm, data_content, transform, data_hot, ml, data_frozen]
[2025-03-29T03:44:24,334][INFO ][o.e.f.FeatureService     ] [node-1] Registered local node features [data_stream.auto_sharding, data_stream.lifecycle.global_retention, data_stream.rollover.lazy, desired_node.version_deprecated, esql.agg_values, esql.async_query, esql.base64_decode_encode, esql.disable_nullable_opts, esql.from_options, esql.metadata_fields, esql.mv_sort, esql.spatial_points_from_source, esql.spatial_shapes, esql.st_centroid_agg, esql.st_contains_within, esql.st_disjoint, esql.st_intersects, esql.st_x_y, esql.string_literal_auto_casting, esql.string_literal_auto_casting_extended, features_supported, health.dsl.info, health.extended_repository_indicator, knn_retriever_supported, license-trial-independent-version, retrievers_supported, rrf_retriever_supported, standard_retriever_supported, usage.data_tiers.precalculate_stats]
[2025-03-29T03:44:25,580][INFO ][o.e.x.m.p.l.CppLogMessageHandler] [node-1] [controller/32067] [Main.cc@123] controller (64 bit): Version 8.14.1 (Build 269300b8ef3c83) Copyright (c) 2024 Elasticsearch BV
[2025-03-29T03:44:26,613][INFO ][o.e.t.a.APM              ] [node-1] Sending apm metrics is disabled
[2025-03-29T03:44:26,613][INFO ][o.e.t.a.APM              ] [node-1] Sending apm tracing is disabled
[2025-03-29T03:44:26,682][INFO ][o.e.x.s.Security         ] [node-1] Security is enabled
[2025-03-29T03:44:27,657][INFO ][o.e.x.s.a.s.FileRolesStore] [node-1] parsed [0] roles from file [/etc/elasticsearch/roles.yml]
[2025-03-29T03:44:28,517][INFO ][o.e.x.s.InitialNodeSecurityAutoConfiguration] [node-1] Auto-configuration will not generate a password for the elastic built-in superuser, as we cannot  determine if there is a terminal attached to the elasticsearch process. You can use the `bin/elasticsearch-reset-password` tool to set the password for the elastic user.
[2025-03-29T03:44:29,347][INFO ][o.e.x.w.Watcher          ] [node-1] Watcher initialized components at 2025-03-29T07:44:29.346Z
[2025-03-29T03:44:29,511][INFO ][o.e.x.p.ProfilingPlugin  ] [node-1] Profiling is enabled
[2025-03-29T03:44:29,561][INFO ][o.e.x.p.ProfilingPlugin  ] [node-1] profiling index templates will not be installed or reinstalled
[2025-03-29T03:44:29,577][INFO ][o.e.x.a.APMPlugin        ] [node-1] APM ingest plugin is disabled
[2025-03-29T03:44:31,206][INFO ][o.e.t.n.NettyAllocator   ] [node-1] creating NettyAllocator with the following configs: [name=elasticsearch_configured, chunk_size=1mb, suggested_max_allocation_size=1mb, factors={es.unsafe.use_netty_default_chunk_and_page_size=false, g1gc_enabled=true, g1gc_region_size=4mb}]
[2025-03-29T03:44:31,284][INFO ][o.e.i.r.RecoverySettings ] [node-1] using rate limit [40mb] with [default=40mb, read=0b, write=0b, max=0b]
[2025-03-29T03:44:31,521][INFO ][o.e.d.DiscoveryModule    ] [node-1] using discovery type [multi-node] and seed hosts providers [settings]
[2025-03-29T03:44:35,816][INFO ][o.e.n.Node               ] [node-1] initialized
[2025-03-29T03:44:35,818][INFO ][o.e.n.Node               ] [node-1] starting ...
[2025-03-29T03:44:35,883][INFO ][o.e.x.s.c.f.PersistentCache] [node-1] persistent cache index loaded
[2025-03-29T03:44:35,885][INFO ][o.e.x.d.l.DeprecationIndexingComponent] [node-1] deprecation component started
[2025-03-29T03:44:36,208][INFO ][o.e.t.TransportService   ] [node-1] publish_address {127.0.0.1:9300}, bound_addresses {[::1]:9300}, {127.0.0.1:9300}
[2025-03-29T03:44:37,063][WARN ][o.e.c.c.ClusterBootstrapService] [node-1] this node is locked into cluster UUID [P-dfjw6fQGK2v8-El1Ztdg] but [cluster.initial_master_nodes] is set to [node-1]; remove this setting to avoid possible data loss caused by subsequent cluster bootstrap attempts; for further information see https://www.elastic.co/guide/en/elasticsearch/reference/8.14/important-settings.html#initial_master_nodes
[2025-03-29T03:44:37,345][INFO ][o.e.c.s.MasterService    ] [node-1] elected-as-master ([1] nodes joined in term 2)[_FINISH_ELECTION_, {node-1}{bK_7ai1PRTaTRUOykMFwsA}{GH78bwtNQ2iSTFnv3H8AdA}{node-1}{127.0.0.1}{127.0.0.1:9300}{cdfhilmrstw}{8.14.1}{7000099-8505000} completing election], term: 2, version: 44, delta: master node changed {previous [], current [{node-1}{bK_7ai1PRTaTRUOykMFwsA}{GH78bwtNQ2iSTFnv3H8AdA}{node-1}{127.0.0.1}{127.0.0.1:9300}{cdfhilmrstw}{8.14.1}{7000099-8505000}]}
[2025-03-29T03:44:37,493][INFO ][o.e.c.s.ClusterApplierService] [node-1] master node changed {previous [], current [{node-1}{bK_7ai1PRTaTRUOykMFwsA}{GH78bwtNQ2iSTFnv3H8AdA}{node-1}{127.0.0.1}{127.0.0.1:9300}{cdfhilmrstw}{8.14.1}{7000099-8505000}]}, term: 2, version: 44, reason: Publication{term=2, version=44}
[2025-03-29T03:44:37,591][INFO ][o.e.c.f.AbstractFileWatchingService] [node-1] starting file watcher ...
[2025-03-29T03:44:37,615][INFO ][o.e.c.f.AbstractFileWatchingService] [node-1] file settings service up and running [tid=60]
[2025-03-29T03:44:37,616][INFO ][o.e.r.s.FileSettingsService] [node-1] setting file [/etc/elasticsearch/operator/settings.json] not found, initializing [file_settings] as empty
[2025-03-29T03:44:37,633][INFO ][o.e.c.c.NodeJoinExecutor ] [node-1] node-join: [{node-1}{bK_7ai1PRTaTRUOykMFwsA}{GH78bwtNQ2iSTFnv3H8AdA}{node-1}{127.0.0.1}{127.0.0.1:9300}{cdfhilmrstw}{8.14.1}{7000099-8505000}] with reason [completing election]
[2025-03-29T03:44:37,635][INFO ][o.e.h.AbstractHttpServerTransport] [node-1] publish_address {192.168.29.137:9200}, bound_addresses {[::]:9200}
[2025-03-29T03:44:37,686][INFO ][o.e.n.Node               ] [node-1] started {node-1}{bK_7ai1PRTaTRUOykMFwsA}{GH78bwtNQ2iSTFnv3H8AdA}{node-1}{127.0.0.1}{127.0.0.1:9300}{cdfhilmrstw}{8.14.1}{7000099-8505000}{ml.allocated_processors=4, ml.machine_memory=8869670912, transform.config_version=10.0.0, xpack.installed=true, ml.config_version=12.0.0, ml.max_jvm_size=4437573632, ml.allocated_processors_double=4.0}
[2025-03-29T03:44:38,559][INFO ][o.e.x.s.a.Realms         ] [node-1] license mode is [basic], currently licensed security realms are [reserved/reserved,file/default_file,native/default_native]
[2025-03-29T03:44:38,566][INFO ][o.e.l.ClusterStateLicenseService] [node-1] license [8bf0312d-d77a-4654-ac0d-97d92b13a201] mode [basic] - valid
[2025-03-29T03:44:38,577][INFO ][o.e.g.GatewayService     ] [node-1] recovered [1] indices into cluster_state
[2025-03-29T03:44:39,268][INFO ][o.e.h.n.s.HealthNodeTaskExecutor] [node-1] Node [{node-1}{bK_7ai1PRTaTRUOykMFwsA}] is selected as the current health node.
[2025-03-29T03:44:39,430][INFO ][o.e.c.r.a.AllocationService] [node-1] current.health="GREEN" message="Cluster health status changed from [RED] to [GREEN] (reason: [shards started [[.security-7][0]]])." previous.health="RED" reason="shards started [[.security-7][0]]"
root@kibana:/etc/elasticsearch#

# access the elasticsearch on browser
=== on browser ===
https://192.xxx.xxx.xxx:9200/
# remember to add the superuser password that you got at the time of installing the elastic search.
user: elastic
password: <superuser-password> # if you lose the elasticsearch superuser password, you will have to install the elasticsearch again.
Display on browser

{
  "name" : "node-1",
  "cluster_name" : "my_elk",
  "cluster_uuid" : "P-dfjw6fQGK2v8-El1Ztdg",
  "version" : {
    "number" : "8.14.1",
    "build_flavor" : "default",
    "build_type" : "deb",
    "build_hash" : "93a57a1a76f556d8aee6a90d1a95b06187501310",
    "build_date" : "2024-06-10T23:35:17.114581191Z",
    "build_snapshot" : false,
    "lucene_version" : "9.10.0",
    "minimum_wire_compatibility_version" : "7.17.0",
    "minimum_index_compatibility_version" : "7.0.0"
  },
  "tagline" : "You Know, for Search"
}



### to make the fqdn with the domain name: If we have to access the elasticsearch with the certificate name, we will have to do the host entry.
because we are working on the local environment, not on the internet environment so we have to do the host entry in windows

STEPS:
1. open run program on your window
  a. type drivers, it will open this location: C:\Windows\System32\drivers. Click on etc > open hosts
it should look similar to this:
# Copyright (c) 1993-2009 Microsoft Corp.
#
# This is a sample HOSTS file used by Microsoft TCP/IP for Windows.
#
# This file contains the mappings of IP addresses to host names. Each
# entry should be kept on an individual line. The IP address should
# be placed in the first column followed by the corresponding host name.
# The IP address and the host name should be separated by at least one
# space.
#
# Additionally, comments (such as these) may be inserted on individual
# lines or following the machine name denoted by a '#' symbol.
#
# For example:
#
#      102.54.94.97     rhino.acme.com          # source server
#       38.25.63.10     x.acme.com              # x client host

# localhost name resolution is handled within DNS itself.
#	127.0.0.1       localhost
#	::1             localhost
2. add your ip address of your vm/guest machine below and the domain name
# localhost name resolution is handled within DNS itself.
#	127.0.0.1       localhost
#	::1             localhost
	192.xxx.xxx.xxx	sys.fcc    <-------------------------------------------------
3. close the file

### we are doing host entry step because we are working in the local environment. Because in local environment we have to configure the dns, and the hosts file we are making the entry for local dns with the ip mapped to the domain name

------------------------------------------------------------------------------------
############################ KIBANA INSTALLATION ############################
------------------------------------------------------------------------------------
root@kibana:~# apt-get update 

# if you are using the aws, you need to open the inboud port to a specific ip
# in my local machine, I can just simply open the port with the firewall. 
# in organizaiton, you will need to reach out to the networking team

### install the same version as your elasticsearch
root@kibana:~# apt-get install kibana=8.14.1
root@kibana:~# apt-get install kibana=8.14.1 -y
Reading package lists... Done
Building dependency tree... Done
Reading state information... Done
The following package was automatically installed and is no longer required:
  libllvm17t64
Use 'apt autoremove' to remove it.
The following NEW packages will be installed:
  kibana
0 upgraded, 1 newly installed, 0 to remove and 221 not upgraded.
Need to get 0 B/341 MB of archives.
After this operation, 1,035 MB of additional disk space will be used.
Selecting previously unselected package kibana.
(Reading database ... 196283 files and directories currently installed.)
Preparing to unpack .../kibana_8.14.1_amd64.deb ...
Unpacking kibana (8.14.1) ...
Setting up kibana (8.14.1) ...
Restarting kibana service... OK

### keystores are location: encrypted keys
root@kibana:/etc/elasticsearch/certs# cd /etc/kibana
root@kibana:/etc/kibana# ls
kibana.keystore  kibana.yml  node.options
root@kibana:/etc/kibana#


################## KIBANA CONFIGURATION
# kibana is a user interface.
# configuration file location: /etc/kibana

root@kibana:/etc/elasticsearch/certs# cd /etc/kibana
root@kibana:/etc/kibana# ls
kibana.keystore  kibana.yml  node.options
root@kibana:/etc/kibana#

# we have the elasticsearch certificate, we will also need to generate the kibana ssl and tls certificates later
root@kibana:/etc/kibana# cd /etc/elasticsearch/certs/
root@kibana:/etc/elasticsearch/certs# ls
ca  ca_elastic.zip  certificate.zip  elastic  http_ca.crt  http.p12  transport.p12
root@kibana:/etc/elasticsearch/certs#
Each user interface requires a database to store and pull the data. 

### I have to provide these certificate and key to the kibana in the yml file
root@kibana:/etc/elasticsearch/certs/elastic# ls
elastic.crt  elastic.key
root@kibana:/etc/elasticsearch/certs/elastic#

### create one directory in /etc/kibana/cert/elastic/ and keep both the elasticsearch cert and key file there if you working with multiple kibana nodes

### what kind of index kibana is going to use? we can provide that information through the kibana configuration or it will create it by default as well
# index that have .kibana will be managed by the kibana
# we will configure the index
# username and pass
# cert and key config in kibana.yml file. 

########### IMPORTANT ########### 
### CREATE A USER NAME AND PASSWORD ###
[root@localhost kibana]# curl -X POST "https://localhost:9200/_security/user/kibana_system/_password" -u elastic:BMV=YdeAn-QtVm5xageh -H "Content-Type: application/json" -d '{"password": "123456789"}' -k
{}
[root@localhost kibana]#

------------------------------------------------------------------------------------
######## INITIAL CONFIG SETUP FOR KIBANA.YML ############
------------------------------------------------------------------------------------
### we uncommented lines in kibana.yml file please look below ###

root@kibana:/etc/kibana# cat kibana.yml
# For more configuration options see the configuration guide for Kibana in
# https://www.elastic.co/guide/index.html

# =================== System: Kibana Server ===================
# Kibana is served by a back end server. This setting specifies the port to use.
server.port: 5601	#<--------------------------------------

# Specifies the address to which the Kibana server will bind. IP addresses and host names are both valid values.
# The default is 'localhost', which usually means remote machines will not be able to connect.
# To allow connections from remote users, set this parameter to a non-loopback address.
server.host: "localhost"	#<--------------------------------------

# Enables you to specify a path to mount Kibana at if you are running behind a proxy.
# Use the `server.rewriteBasePath` setting to tell Kibana if it should remove the basePath
# from requests it receives, and to prevent a deprecation warning at startup.
# This setting cannot end in a slash.
#server.basePath: ""

# Specifies whether Kibana should rewrite requests that are prefixed with
# `server.basePath` or require that they are rewritten by your reverse proxy.
# Defaults to `false`.
#server.rewriteBasePath: false

# Specifies the public URL at which Kibana is available for end users. If
# `server.basePath` is configured this URL should end with the same basePath.
server.publicBaseUrl: "https://localhost:5601/"		#<--------------------------------------

# The maximum payload size in bytes for incoming server requests.
#server.maxPayload: 1048576

# The Kibana server's name. This is used for display purposes.
#server.name: "your-hostname"

# =================== System: Kibana Server (Optional) ===================
# Enables SSL and paths to the PEM-format SSL certificate and SSL key files, respectively.
# These settings enable SSL for outgoing requests from the Kibana server to the browser.
#server.ssl.enabled: false				#<--------------------------------------
#server.ssl.certificate: /path/to/your/server.crt	#<--------------------------------------
#server.ssl.key: /path/to/your/server.key		#<--------------------------------------

# =================== System: Elasticsearch ===================
# The URLs of the Elasticsearch instances to use for all your queries.
elasticsearch.hosts: ["http://localhost:9200"]

# If your Elasticsearch is protected with basic authentication, these settings provide
# the username and password that the Kibana server uses to perform maintenance on the Kibana
# index at startup. Your Kibana users still need to authenticate with Elasticsearch, which
# is proxied through the Kibana server.
elasticsearch.username: "kibana_system"	#<-------------------------------------- we will add username we generated from above command
elasticsearch.password: "123456789"	#<-------------------------------------- we will add the password we generated from above command

# Kibana can also authenticate to Elasticsearch via "service account tokens".
# Service account tokens are Bearer style tokens that replace the traditional username/password based configuration.
# Use this token instead of a username/password.
# elasticsearch.serviceAccountToken: "my_token"

# Time in milliseconds to wait for Elasticsearch to respond to pings. Defaults to the value of
# the elasticsearch.requestTimeout setting.
#elasticsearch.pingTimeout: 1500

# Time in milliseconds to wait for responses from the back end or Elasticsearch. This value
# must be a positive integer.
#elasticsearch.requestTimeout: 30000

# The maximum number of sockets that can be used for communications with elasticsearch.
# Defaults to `Infinity`.
#elasticsearch.maxSockets: 1024

# Specifies whether Kibana should use compression for communications with elasticsearch
# Defaults to `false`.
#elasticsearch.compression: false

# List of Kibana client-side headers to send to Elasticsearch. To send *no* client-side
# headers, set this value to [] (an empty list).
#elasticsearch.requestHeadersWhitelist: [ authorization ]

# Header names and values that are sent to Elasticsearch. Any custom headers cannot be overwritten
# by client-side headers, regardless of the elasticsearch.requestHeadersWhitelist configuration.
#elasticsearch.customHeaders: {}

# Time in milliseconds for Elasticsearch to wait for responses from shards. Set to 0 to disable.
#elasticsearch.shardTimeout: 30000

# =================== System: Elasticsearch (Optional) ===================
# These files are used to verify the identity of Kibana to Elasticsearch and are required when
# xpack.security.http.ssl.client_authentication in Elasticsearch is set to required.
elasticsearch.ssl.certificate: /path/to/your/client.crt		#<--------------------------------------
elasticsearch.ssl.key: /path/to/your/client.key			#<--------------------------------------

# Enables you to specify a path to the PEM file for the certificate
# authority for your Elasticsearch instance.
#elasticsearch.ssl.certificateAuthorities: [ "/path/to/your/CA.pem" ]

# To disregard the validity of SSL certificates, change this setting's value to 'none'.
#elasticsearch.ssl.verificationMode: full

# =================== System: Logging ===================
# Set the value of this setting to off to suppress all logging output, or to debug to log everything. Defaults to 'info'
#logging.root.level: debug

# Enables you to specify a file where Kibana stores log output.
logging:
  appenders:
    file:
      type: file
      fileName: /var/log/kibana/kibana.log
      layout:
        type: json
  root:
    appenders:
      - default
      - file
#  policy:
#    type: size-limit
#    size: 256mb
#  strategy:
#    type: numeric
#    max: 10
#  layout:
#    type: json

# Logs queries sent to Elasticsearch.
#logging.loggers:
#  - name: elasticsearch.query
#    level: debug

# Logs http responses.
#logging.loggers:
#  - name: http.server.response
#    level: debug

# Logs system usage information.
#logging.loggers:
#  - name: metrics.ops
#    level: debug

# Enables debug logging on the browser (dev console)
#logging.browser.root:
#  level: debug

# =================== System: Other ===================
# The path where Kibana stores persistent data not saved in Elasticsearch. Defaults to data
#path.data: data

# Specifies the path where Kibana creates the process ID file.
pid.file: /run/kibana/kibana.pid	#<--------------------------------------

# Set the interval in milliseconds to sample system and process performance
# metrics. Minimum is 100ms. Defaults to 5000ms.
#ops.interval: 5000

# Specifies locale to be used for all localizable strings, dates and number formats.
# Supported languages are the following: English (default) "en", Chinese "zh-CN", Japanese "ja-JP", French "fr-FR".
#i18n.locale: "en"

# =================== Frequently used (Optional)===================

# =================== Saved Objects: Migrations ===================
# Saved object migrations run at startup. If you run into migration-related issues, you might need to adjust these settings.

# The number of documents migrated at a time.
# If Kibana can't start up or upgrade due to an Elasticsearch `circuit_breaking_exception`,
# use a smaller batchSize value to reduce the memory pressure. Defaults to 1000 objects per batch.
#migrations.batchSize: 1000

# The maximum payload size for indexing batches of upgraded saved objects.
# To avoid migrations failing due to a 413 Request Entity Too Large response from Elasticsearch.
# This value should be lower than or equal to your Elasticsearch cluster’s `http.max_content_length`
# configuration option. Default: 100mb
#migrations.maxBatchSizeBytes: 100mb

# The number of times to retry temporary migration failures. Increase the setting
# if migrations fail frequently with a message such as `Unable to complete the [...] step after
# 15 attempts, terminating`. Defaults to 15
#migrations.retryAttempts: 15

# =================== Search Autocomplete ===================
# Time in milliseconds to wait for autocomplete suggestions from Elasticsearch.
# This value must be a whole number greater than zero. Defaults to 1000ms
#unifiedSearch.autocomplete.valueSuggestions.timeout: 1000

# Maximum number of documents loaded by each shard to generate autocomplete suggestions.
# This value must be a whole number greater than zero. Defaults to 100_000
#unifiedSearch.autocomplete.valueSuggestions.terminateAfter: 100000
root@kibana:/etc/kibana#

######## INITIAL CONFIG SETUP FOR KIBANA.YML ENDS ############


=== on browser ===
### testing logging with new kibana_system user and kibana_system password
username: kibana_system
password: 123456789
{
  "name" : "node-1",
  "cluster_name" : "my-elk",
  "cluster_uuid" : "Jnx_FwCvRAmuLfGUv09CqQ",
  "version" : {
    "number" : "9.0.0",
    "build_flavor" : "default",
    "build_type" : "rpm",
    "build_hash" : "112859b85d50de2a7e63f73c8fc70b99eea24291",
    "build_date" : "2025-04-08T15:13:46.049795831Z",
    "build_snapshot" : false,
    "lucene_version" : "10.1.0",
    "minimum_wire_compatibility_version" : "8.18.0",
    "minimum_index_compatibility_version" : "8.0.0"
  },
  "tagline" : "You Know, for Search"
}







































































######################### IGNORE BELOW #########################



###
"""
we are going to understand about self signed certificate how it gets applied on the elasticsearch. Similarly,
how the public certificates, like domain names get applied to the elasticserach which will encrypt the traffic flow to the http port 9200 
"""

# we generated the certs before, you can see the process in the 02 installatin... file.

######################### SAMPLE FILE THAT NEEDS CHANGES. FOR CHANGES THAT'S BEEN MADE LOOK CHANGES MADE TO FILE BELOW SCROLL DOWN
### REMOVE THE P12 SELF SIGNED CERTIFICATE AND WE WILL ADD OUR KEYS/CERTIFICATE
### SEARCH FOR: ELASTIC SEARCH CERTIFICATE ON GOOLGE AND FIND THE CERTIFIATE for documentation:
    # https://www.elastic.co/guide/en/elasticsearch/reference/current/security-basic-setup.html
root@kibana:/etc/elasticsearch# cat elasticsearch.yml
# ======================== Elasticsearch Configuration =========================
#
# NOTE: Elasticsearch comes with reasonable defaults for most settings.
#       Before you set out to tweak and tune the configuration, make sure you
#       understand what are you trying to accomplish and the consequences.
#
# The primary way of configuring a node is via this file. This template lists
# the most important settings you may want to configure for a production cluster.
#
# Please consult the documentation for further information on configuration options:
# https://www.elastic.co/guide/en/elasticsearch/reference/index.html
#
# ---------------------------------- Cluster -----------------------------------
#
# Use a descriptive name for your cluster:
#
cluster.name: my_elk
#
# ------------------------------------ Node ------------------------------------
#
# Use a descriptive name for the node:
#
node.name: node-1
#
# Add custom attributes to the node:
#
#node.attr.rack: r1
#
# ----------------------------------- Paths ------------------------------------
#
# Path to directory where to store the data (separate multiple locations by comma):
#
path.data: /var/lib/elasticsearch
#
# Path to log files:
#
path.logs: /var/log/elasticsearch
#
# ----------------------------------- Memory -----------------------------------
#
# Lock the memory on startup:
#
#bootstrap.memory_lock: true
#
# Make sure that the heap size is set to about half the memory available
# on the system and that the owner of the process is allowed to use this
# limit.
#
# Elasticsearch performs poorly when the system is swapping the memory.
#
# ---------------------------------- Network -----------------------------------
#
# By default Elasticsearch is only accessible on localhost. Set a different
# address here to expose this node on the network:
#
#network.host: 192.168.0.1
#
# By default Elasticsearch listens for HTTP traffic on the first free port it
# finds starting at 9200. Set a specific HTTP port here:
#
http.port: 9200
#
# For more information, consult the network module documentation.
#
# --------------------------------- Discovery ----------------------------------
#
# Pass an initial list of hosts to perform discovery when this node is started:
# The default list of hosts is ["127.0.0.1", "[::1]"]
#
#discovery.seed_hosts: ["host1", "host2"]
#
# Bootstrap the cluster using an initial set of master-eligible nodes:
#
cluster.initial_master_nodes: ["node-1"]
#
# For more information, consult the discovery and cluster formation module documentation.
#
# ---------------------------------- Various -----------------------------------
#
# Allow wildcard deletion of indices:
#
#action.destructive_requires_name: false

#----------------------- BEGIN SECURITY AUTO CONFIGURATION -----------------------
#
# The following settings, TLS certificates, and keys have been automatically
# generated to configure Elasticsearch security features on 25-03-2025 03:08:49
#
# --------------------------------------------------------------------------------

# Enable security features
xpack.security.enabled: true

xpack.security.enrollment.enabled: true

# Enable encryption for HTTP API client connections, such as Kibana, Logstash, and Agents
xpack.security.http.ssl:
  enabled: true
  key: /etc/elasticsearch/certs/elastic/elastic.key
  certificate: /etc/elasticsearch/certs/elastic/elastic.crt
  certificate_authorities: ["/etc/elasticsearch/certs/ca/ca.crt"]

# Enable encryption and mutual authentication between cluster nodes
xpack.security.transport.ssl:
  enabled: true
  verification_mode: certificate
  keystore.path: certs/transport.p12
  truststore.path: certs/transport.p12
# Create a new cluster with the current node only
# Additional nodes can still join the cluster later
#cluster.initial_master_nodes: ["kibana"]

# Allow HTTP API connections from anywhere
# Connections are encrypted and require user authentication
http.host: 0.0.0.0

# Allow other nodes to join the cluster from anywhere
# Connections are encrypted and mutually authenticated
#transport.host: 0.0.0.0

#----------------------- END SECURITY AUTO CONFIGURATION -------------------------
root@kibana:/etc/elasticsearch#


############### certificate configuration begins
# ca.crt is the verifier
# elastic.key certificated key is our encryption method
# ca will verify whether it is good or not for encryption and decryption.
/etc/elasticsearch/certs/ca/ca.crt

/etc/elasticsearch/certs/elastic/elastic.key 


root@kibana:/etc/elasticsearch/certs# cd ca/
root@kibana:/etc/elasticsearch/certs/ca# ls
ca.crt  ca.key
root@kibana:/etc/elasticsearch/certs/ca# pwd
/etc/elasticsearch/certs/ca
root@kibana:/etc/elasticsearch/certs/ca#
root@kibana:/etc/elasticsearch/certs/ca# cd ..
root@kibana:/etc/elasticsearch/certs# ls
ca  ca_elastic.zip  certificate.zip  elastic  http_ca.crt  http.p12  transport.p12
root@kibana:/etc/elasticsearch/certs# cd elastic/
root@kibana:/etc/elasticsearch/certs/elastic# ls
elastic.crt  elastic.key
root@kibana:/etc/elasticsearch/certs/elastic#
root@kibana:/etc/elasticsearch/certs/elastic# pwd
/etc/elasticsearch/certs/elastic
root@kibana:/etc/elasticsearch/certs/elastic#
